=== setup_venv.bat run at Thu 04/16/2026 10:06:40.39 === 
Python 3.12.9
Requirement already satisfied: pip in c:\users\andy\documents\github\uci-igravi\laplacian-processing\.venv\lib\site-packages (24.3.1)
Collecting pip
  Using cached pip-26.0.1-py3-none-any.whl.metadata (4.7 kB)
Using cached pip-26.0.1-py3-none-any.whl (1.8 MB)
Installing collected packages: pip
  Attempting uninstall: pip
    Found existing installation: pip 24.3.1
    Uninstalling pip-24.3.1:
      Successfully uninstalled pip-24.3.1
Successfully installed pip-26.0.1
Collecting numpy (from -r C:\Users\Andy\Documents\GitHub\UCI-iGravi\laplacian-processing\requirements.txt (line 6))
  Using cached numpy-2.4.4-cp312-cp312-win_amd64.whl.metadata (6.6 kB)
Collecting scipy (from -r C:\Users\Andy\Documents\GitHub\UCI-iGravi\laplacian-processing\requirements.txt (line 7))
  Using cached scipy-1.17.1-cp312-cp312-win_amd64.whl.metadata (60 kB)
Collecting pandas (from -r C:\Users\Andy\Documents\GitHub\UCI-iGravi\laplacian-processing\requirements.txt (line 8))
  Using cached pandas-3.0.2-cp312-cp312-win_amd64.whl.metadata (19 kB)
Collecting SimpleITK (from -r C:\Users\Andy\Documents\GitHub\UCI-iGravi\laplacian-processing\requirements.txt (line 11))
  Using cached simpleitk-2.5.3-cp311-abi3-win_amd64.whl.metadata (7.3 kB)
Collecting scikit-image (from -r C:\Users\Andy\Documents\GitHub\UCI-iGravi\laplacian-processing\requirements.txt (line 12))
  Using cached scikit_image-0.26.0-cp312-cp312-win_amd64.whl.metadata (15 kB)
Collecting opencv-python (from -r C:\Users\Andy\Documents\GitHub\UCI-iGravi\laplacian-processing\requirements.txt (line 13))
  Using cached opencv_python-4.13.0.92-cp37-abi3-win_amd64.whl.metadata (20 kB)
Collecting imageio (from -r C:\Users\Andy\Documents\GitHub\UCI-iGravi\laplacian-processing\requirements.txt (line 14))
  Using cached imageio-2.37.3-py3-none-any.whl.metadata (9.7 kB)
Collecting nibabel (from -r C:\Users\Andy\Documents\GitHub\UCI-iGravi\laplacian-processing\requirements.txt (line 15))
  Using cached nibabel-5.4.2-py3-none-any.whl.metadata (8.9 kB)
Collecting antspyx (from -r C:\Users\Andy\Documents\GitHub\UCI-iGravi\laplacian-processing\requirements.txt (line 16))
  Using cached antspyx-0.6.3-cp312-cp312-win_amd64.whl.metadata (7.2 kB)
Collecting pyamg (from -r C:\Users\Andy\Documents\GitHub\UCI-iGravi\laplacian-processing\requirements.txt (line 19))
  Using cached pyamg-5.3.0-cp312-cp312-win_amd64.whl.metadata (8.3 kB)
Collecting networkx (from -r C:\Users\Andy\Documents\GitHub\UCI-iGravi\laplacian-processing\requirements.txt (line 20))
  Using cached networkx-3.6.1-py3-none-any.whl.metadata (6.8 kB)
Collecting matplotlib (from -r C:\Users\Andy\Documents\GitHub\UCI-iGravi\laplacian-processing\requirements.txt (line 23))
  Using cached matplotlib-3.10.8-cp312-cp312-win_amd64.whl.metadata (52 kB)
Collecting plotly (from -r C:\Users\Andy\Documents\GitHub\UCI-iGravi\laplacian-processing\requirements.txt (line 24))
  Using cached plotly-6.7.0-py3-none-any.whl.metadata (8.6 kB)
Collecting napari (from -r C:\Users\Andy\Documents\GitHub\UCI-iGravi\laplacian-processing\requirements.txt (line 25))
  Using cached napari-0.7.0-py3-none-any.whl.metadata (17 kB)
Collecting open3d (from -r C:\Users\Andy\Documents\GitHub\UCI-iGravi\laplacian-processing\requirements.txt (line 26))
  Using cached open3d-0.19.0-cp312-cp312-win_amd64.whl.metadata (4.2 kB)
Collecting tqdm (from -r C:\Users\Andy\Documents\GitHub\UCI-iGravi\laplacian-processing\requirements.txt (line 29))
  Using cached tqdm-4.67.3-py3-none-any.whl.metadata (57 kB)
Collecting pytest (from -r C:\Users\Andy\Documents\GitHub\UCI-iGravi\laplacian-processing\requirements.txt (line 32))
  Downloading pytest-9.0.3-py3-none-any.whl.metadata (7.6 kB)
Collecting python-dateutil>=2.8.2 (from pandas->-r C:\Users\Andy\Documents\GitHub\UCI-iGravi\laplacian-processing\requirements.txt (line 8))
  Using cached python_dateutil-2.9.0.post0-py2.py3-none-any.whl.metadata (8.4 kB)
Collecting tzdata (from pandas->-r C:\Users\Andy\Documents\GitHub\UCI-iGravi\laplacian-processing\requirements.txt (line 8))
  Using cached tzdata-2026.1-py2.py3-none-any.whl.metadata (1.4 kB)
Collecting pillow>=10.1 (from scikit-image->-r C:\Users\Andy\Documents\GitHub\UCI-iGravi\laplacian-processing\requirements.txt (line 12))
  Downloading pillow-12.2.0-cp312-cp312-win_amd64.whl.metadata (9.0 kB)
Collecting tifffile>=2022.8.12 (from scikit-image->-r C:\Users\Andy\Documents\GitHub\UCI-iGravi\laplacian-processing\requirements.txt (line 12))
  Downloading tifffile-2026.4.11-py3-none-any.whl.metadata (31 kB)
Collecting packaging>=21 (from scikit-image->-r C:\Users\Andy\Documents\GitHub\UCI-iGravi\laplacian-processing\requirements.txt (line 12))
  Using cached packaging-26.1-py3-none-any.whl.metadata (3.5 kB)
Collecting lazy-loader>=0.4 (from scikit-image->-r C:\Users\Andy\Documents\GitHub\UCI-iGravi\laplacian-processing\requirements.txt (line 12))
  Using cached lazy_loader-0.5-py3-none-any.whl.metadata (5.9 kB)
Collecting typing-extensions>=4.6 (from nibabel->-r C:\Users\Andy\Documents\GitHub\UCI-iGravi\laplacian-processing\requirements.txt (line 15))
  Using cached typing_extensions-4.15.0-py3-none-any.whl.metadata (3.3 kB)
Collecting pyyaml (from antspyx->-r C:\Users\Andy\Documents\GitHub\UCI-iGravi\laplacian-processing\requirements.txt (line 16))
  Using cached pyyaml-6.0.3-cp312-cp312-win_amd64.whl.metadata (2.4 kB)
Collecting numpy (from -r C:\Users\Andy\Documents\GitHub\UCI-iGravi\laplacian-processing\requirements.txt (line 6))
  Using cached numpy-2.3.5-cp312-cp312-win_amd64.whl.metadata (60 kB)
Collecting statsmodels (from antspyx->-r C:\Users\Andy\Documents\GitHub\UCI-iGravi\laplacian-processing\requirements.txt (line 16))
  Using cached statsmodels-0.14.6-cp312-cp312-win_amd64.whl.metadata (9.8 kB)
Collecting webcolors (from antspyx->-r C:\Users\Andy\Documents\GitHub\UCI-iGravi\laplacian-processing\requirements.txt (line 16))
  Using cached webcolors-25.10.0-py3-none-any.whl.metadata (2.2 kB)
Collecting requests (from antspyx->-r C:\Users\Andy\Documents\GitHub\UCI-iGravi\laplacian-processing\requirements.txt (line 16))
  Using cached requests-2.33.1-py3-none-any.whl.metadata (4.8 kB)
Collecting scikit-learn (from antspyx->-r C:\Users\Andy\Documents\GitHub\UCI-iGravi\laplacian-processing\requirements.txt (line 16))
  Using cached scikit_learn-1.8.0-cp312-cp312-win_amd64.whl.metadata (11 kB)
Collecting scipy (from -r C:\Users\Andy\Documents\GitHub\UCI-iGravi\laplacian-processing\requirements.txt (line 7))
  Using cached scipy-1.15.3-cp312-cp312-win_amd64.whl.metadata (60 kB)
Collecting contourpy>=1.0.1 (from matplotlib->-r C:\Users\Andy\Documents\GitHub\UCI-iGravi\laplacian-processing\requirements.txt (line 23))
  Using cached contourpy-1.3.3-cp312-cp312-win_amd64.whl.metadata (5.5 kB)
Collecting cycler>=0.10 (from matplotlib->-r C:\Users\Andy\Documents\GitHub\UCI-iGravi\laplacian-processing\requirements.txt (line 23))
  Using cached cycler-0.12.1-py3-none-any.whl.metadata (3.8 kB)
Collecting fonttools>=4.22.0 (from matplotlib->-r C:\Users\Andy\Documents\GitHub\UCI-iGravi\laplacian-processing\requirements.txt (line 23))
  Using cached fonttools-4.62.1-cp312-cp312-win_amd64.whl.metadata (119 kB)
Collecting kiwisolver>=1.3.1 (from matplotlib->-r C:\Users\Andy\Documents\GitHub\UCI-iGravi\laplacian-processing\requirements.txt (line 23))
  Using cached kiwisolver-1.5.0-cp312-cp312-win_amd64.whl.metadata (5.2 kB)
Collecting pyparsing>=3 (from matplotlib->-r C:\Users\Andy\Documents\GitHub\UCI-iGravi\laplacian-processing\requirements.txt (line 23))
  Using cached pyparsing-3.3.2-py3-none-any.whl.metadata (5.8 kB)
Collecting narwhals>=1.15.1 (from plotly->-r C:\Users\Andy\Documents\GitHub\UCI-iGravi\laplacian-processing\requirements.txt (line 24))
  Downloading narwhals-2.19.0-py3-none-any.whl.metadata (14 kB)
Collecting appdirs>=1.4.4 (from napari->-r C:\Users\Andy\Documents\GitHub\UCI-iGravi\laplacian-processing\requirements.txt (line 25))
  Using cached appdirs-1.4.4-py2.py3-none-any.whl.metadata (9.0 kB)
Collecting app-model<0.6.0,>=0.5.0 (from napari->-r C:\Users\Andy\Documents\GitHub\UCI-iGravi\laplacian-processing\requirements.txt (line 25))
  Using cached app_model-0.5.1-py3-none-any.whl.metadata (3.2 kB)
Collecting cachey>=0.2.1 (from napari->-r C:\Users\Andy\Documents\GitHub\UCI-iGravi\laplacian-processing\requirements.txt (line 25))
  Using cached cachey-0.2.1-py3-none-any.whl.metadata (2.2 kB)
Collecting certifi>=2018.1.18 (from napari->-r C:\Users\Andy\Documents\GitHub\UCI-iGravi\laplacian-processing\requirements.txt (line 25))
  Using cached certifi-2026.2.25-py3-none-any.whl.metadata (2.5 kB)
Collecting dask>=2021.10.0 (from dask[array]>=2021.10.0->napari->-r C:\Users\Andy\Documents\GitHub\UCI-iGravi\laplacian-processing\requirements.txt (line 25))
  Using cached dask-2026.3.0-py3-none-any.whl.metadata (3.9 kB)
Collecting jsonschema>=3.2.0 (from napari->-r C:\Users\Andy\Documents\GitHub\UCI-iGravi\laplacian-processing\requirements.txt (line 25))
  Using cached jsonschema-4.26.0-py3-none-any.whl.metadata (7.6 kB)
Collecting magicgui>=0.7.0 (from napari->-r C:\Users\Andy\Documents\GitHub\UCI-iGravi\laplacian-processing\requirements.txt (line 25))
  Downloading magicgui-0.10.2-py3-none-any.whl.metadata (5.6 kB)
Collecting napari-console>=0.1.4 (from napari->-r C:\Users\Andy\Documents\GitHub\UCI-iGravi\laplacian-processing\requirements.txt (line 25))
  Using cached napari_console-0.1.4-py3-none-any.whl.metadata (5.7 kB)
Collecting napari-plugin-engine>=0.2.1 (from napari->-r C:\Users\Andy\Documents\GitHub\UCI-iGravi\laplacian-processing\requirements.txt (line 25))
  Using cached napari_plugin_engine-0.2.1-py3-none-any.whl.metadata (4.5 kB)
Collecting napari-svg>=0.1.8 (from napari->-r C:\Users\Andy\Documents\GitHub\UCI-iGravi\laplacian-processing\requirements.txt (line 25))
  Using cached napari_svg-0.2.1-py3-none-any.whl.metadata (3.6 kB)
Collecting npe2>=0.8.1 (from napari->-r C:\Users\Andy\Documents\GitHub\UCI-iGravi\laplacian-processing\requirements.txt (line 25))
  Using cached npe2-0.8.2-py3-none-any.whl.metadata (6.8 kB)
Collecting pint>=0.17 (from napari->-r C:\Users\Andy\Documents\GitHub\UCI-iGravi\laplacian-processing\requirements.txt (line 25))
  Using cached pint-0.25.3-py3-none-any.whl.metadata (10 kB)
Collecting psutil>=5.9.0 (from napari->-r C:\Users\Andy\Documents\GitHub\UCI-iGravi\laplacian-processing\requirements.txt (line 25))
  Using cached psutil-7.2.2-cp37-abi3-win_amd64.whl.metadata (22 kB)
Collecting psygnal>=0.14.2 (from napari->-r C:\Users\Andy\Documents\GitHub\UCI-iGravi\laplacian-processing\requirements.txt (line 25))
  Using cached psygnal-0.15.1-cp312-cp312-win_amd64.whl.metadata (6.1 kB)
Collecting pydantic>=2.8.0 (from napari->-r C:\Users\Andy\Documents\GitHub\UCI-iGravi\laplacian-processing\requirements.txt (line 25))
  Downloading pydantic-2.13.1-py3-none-any.whl.metadata (108 kB)
Collecting pygments>=2.13.0 (from napari->-r C:\Users\Andy\Documents\GitHub\UCI-iGravi\laplacian-processing\requirements.txt (line 25))
  Using cached pygments-2.20.0-py3-none-any.whl.metadata (2.5 kB)
Collecting pydantic-extra-types (from napari->-r C:\Users\Andy\Documents\GitHub\UCI-iGravi\laplacian-processing\requirements.txt (line 25))
  Using cached pydantic_extra_types-2.11.1-py3-none-any.whl.metadata (4.2 kB)
Collecting pydantic-settings (from napari->-r C:\Users\Andy\Documents\GitHub\UCI-iGravi\laplacian-processing\requirements.txt (line 25))
  Using cached pydantic_settings-2.13.1-py3-none-any.whl.metadata (3.4 kB)
Collecting PyOpenGL>=3.1.10 (from napari->-r C:\Users\Andy\Documents\GitHub\UCI-iGravi\laplacian-processing\requirements.txt (line 25))
  Using cached pyopengl-3.1.10-py3-none-any.whl.metadata (3.3 kB)
Collecting pywin32 (from napari->-r C:\Users\Andy\Documents\GitHub\UCI-iGravi\laplacian-processing\requirements.txt (line 25))
  Using cached pywin32-311-cp312-cp312-win_amd64.whl.metadata (10 kB)
Collecting qtpy>=2.4.0 (from napari->-r C:\Users\Andy\Documents\GitHub\UCI-iGravi\laplacian-processing\requirements.txt (line 25))
  Using cached QtPy-2.4.3-py3-none-any.whl.metadata (12 kB)
Collecting superqt>=0.7.8 (from napari->-r C:\Users\Andy\Documents\GitHub\UCI-iGravi\laplacian-processing\requirements.txt (line 25))
  Using cached superqt-0.8.1-py3-none-any.whl.metadata (5.1 kB)
Collecting toolz>=0.11.0 (from napari->-r C:\Users\Andy\Documents\GitHub\UCI-iGravi\laplacian-processing\requirements.txt (line 25))
  Using cached toolz-1.1.0-py3-none-any.whl.metadata (5.1 kB)
Collecting vispy<0.17,>=0.16.1 (from napari->-r C:\Users\Andy\Documents\GitHub\UCI-iGravi\laplacian-processing\requirements.txt (line 25))
  Using cached vispy-0.16.1-cp312-cp312-win_amd64.whl.metadata (9.2 kB)
Collecting wrapt>=1.13.3 (from napari->-r C:\Users\Andy\Documents\GitHub\UCI-iGravi\laplacian-processing\requirements.txt (line 25))
  Using cached wrapt-2.1.2-cp312-cp312-win_amd64.whl.metadata (7.6 kB)
Collecting in-n-out>=0.1.5 (from app-model<0.6.0,>=0.5.0->napari->-r C:\Users\Andy\Documents\GitHub\UCI-iGravi\laplacian-processing\requirements.txt (line 25))
  Using cached in_n_out-0.2.1-py3-none-any.whl.metadata (4.1 kB)
Collecting freetype-py (from vispy<0.17,>=0.16.1->napari->-r C:\Users\Andy\Documents\GitHub\UCI-iGravi\laplacian-processing\requirements.txt (line 25))
  Using cached freetype_py-2.5.1-py3-none-win_amd64.whl.metadata (6.5 kB)
Collecting hsluv (from vispy<0.17,>=0.16.1->napari->-r C:\Users\Andy\Documents\GitHub\UCI-iGravi\laplacian-processing\requirements.txt (line 25))
  Using cached hsluv-5.0.4-py2.py3-none-any.whl.metadata (2.7 kB)
Collecting dash>=2.6.0 (from open3d->-r C:\Users\Andy\Documents\GitHub\UCI-iGravi\laplacian-processing\requirements.txt (line 26))
  Using cached dash-4.1.0-py3-none-any.whl.metadata (11 kB)
Collecting werkzeug>=3.0.0 (from open3d->-r C:\Users\Andy\Documents\GitHub\UCI-iGravi\laplacian-processing\requirements.txt (line 26))
  Using cached werkzeug-3.1.8-py3-none-any.whl.metadata (4.0 kB)
Collecting flask>=3.0.0 (from open3d->-r C:\Users\Andy\Documents\GitHub\UCI-iGravi\laplacian-processing\requirements.txt (line 26))
  Using cached flask-3.1.3-py3-none-any.whl.metadata (3.2 kB)
Collecting nbformat>=5.7.0 (from open3d->-r C:\Users\Andy\Documents\GitHub\UCI-iGravi\laplacian-processing\requirements.txt (line 26))
  Using cached nbformat-5.10.4-py3-none-any.whl.metadata (3.6 kB)
Collecting configargparse (from open3d->-r C:\Users\Andy\Documents\GitHub\UCI-iGravi\laplacian-processing\requirements.txt (line 26))
  Using cached configargparse-1.7.5-py3-none-any.whl.metadata (23 kB)
Collecting ipywidgets>=8.0.4 (from open3d->-r C:\Users\Andy\Documents\GitHub\UCI-iGravi\laplacian-processing\requirements.txt (line 26))
  Using cached ipywidgets-8.1.8-py3-none-any.whl.metadata (2.4 kB)
Collecting colorama (from tqdm->-r C:\Users\Andy\Documents\GitHub\UCI-iGravi\laplacian-processing\requirements.txt (line 29))
  Using cached colorama-0.4.6-py2.py3-none-any.whl.metadata (17 kB)
Collecting iniconfig>=1.0.1 (from pytest->-r C:\Users\Andy\Documents\GitHub\UCI-iGravi\laplacian-processing\requirements.txt (line 32))
  Using cached iniconfig-2.3.0-py3-none-any.whl.metadata (2.5 kB)
Collecting pluggy<2,>=1.5 (from pytest->-r C:\Users\Andy\Documents\GitHub\UCI-iGravi\laplacian-processing\requirements.txt (line 32))
  Using cached pluggy-1.6.0-py3-none-any.whl.metadata (4.8 kB)
Collecting heapdict (from cachey>=0.2.1->napari->-r C:\Users\Andy\Documents\GitHub\UCI-iGravi\laplacian-processing\requirements.txt (line 25))
  Using cached HeapDict-1.0.1-py3-none-any.whl.metadata (1.9 kB)
Collecting importlib-metadata (from dash>=2.6.0->open3d->-r C:\Users\Andy\Documents\GitHub\UCI-iGravi\laplacian-processing\requirements.txt (line 26))
  Using cached importlib_metadata-9.0.0-py3-none-any.whl.metadata (4.5 kB)
Collecting retrying (from dash>=2.6.0->open3d->-r C:\Users\Andy\Documents\GitHub\UCI-iGravi\laplacian-processing\requirements.txt (line 26))
  Using cached retrying-1.4.2-py3-none-any.whl.metadata (5.5 kB)
Collecting nest-asyncio (from dash>=2.6.0->open3d->-r C:\Users\Andy\Documents\GitHub\UCI-iGravi\laplacian-processing\requirements.txt (line 26))
  Using cached nest_asyncio-1.6.0-py3-none-any.whl.metadata (2.8 kB)
Collecting setuptools (from dash>=2.6.0->open3d->-r C:\Users\Andy\Documents\GitHub\UCI-iGravi\laplacian-processing\requirements.txt (line 26))
  Using cached setuptools-82.0.1-py3-none-any.whl.metadata (6.5 kB)
Collecting blinker>=1.9.0 (from flask>=3.0.0->open3d->-r C:\Users\Andy\Documents\GitHub\UCI-iGravi\laplacian-processing\requirements.txt (line 26))
  Using cached blinker-1.9.0-py3-none-any.whl.metadata (1.6 kB)
Collecting click>=8.1.3 (from flask>=3.0.0->open3d->-r C:\Users\Andy\Documents\GitHub\UCI-iGravi\laplacian-processing\requirements.txt (line 26))
  Using cached click-8.3.2-py3-none-any.whl.metadata (2.6 kB)
Collecting itsdangerous>=2.2.0 (from flask>=3.0.0->open3d->-r C:\Users\Andy\Documents\GitHub\UCI-iGravi\laplacian-processing\requirements.txt (line 26))
  Using cached itsdangerous-2.2.0-py3-none-any.whl.metadata (1.9 kB)
Collecting jinja2>=3.1.2 (from flask>=3.0.0->open3d->-r C:\Users\Andy\Documents\GitHub\UCI-iGravi\laplacian-processing\requirements.txt (line 26))
  Using cached jinja2-3.1.6-py3-none-any.whl.metadata (2.9 kB)
Collecting markupsafe>=2.1.1 (from flask>=3.0.0->open3d->-r C:\Users\Andy\Documents\GitHub\UCI-iGravi\laplacian-processing\requirements.txt (line 26))
  Using cached markupsafe-3.0.3-cp312-cp312-win_amd64.whl.metadata (2.8 kB)
Collecting cloudpickle>=3.0.0 (from dask>=2021.10.0->dask[array]>=2021.10.0->napari->-r C:\Users\Andy\Documents\GitHub\UCI-iGravi\laplacian-processing\requirements.txt (line 25))
  Using cached cloudpickle-3.1.2-py3-none-any.whl.metadata (7.1 kB)
Collecting fsspec>=2021.09.0 (from dask>=2021.10.0->dask[array]>=2021.10.0->napari->-r C:\Users\Andy\Documents\GitHub\UCI-iGravi\laplacian-processing\requirements.txt (line 25))
  Using cached fsspec-2026.3.0-py3-none-any.whl.metadata (10 kB)
Collecting partd>=1.4.0 (from dask>=2021.10.0->dask[array]>=2021.10.0->napari->-r C:\Users\Andy\Documents\GitHub\UCI-iGravi\laplacian-processing\requirements.txt (line 25))
  Using cached partd-1.4.2-py3-none-any.whl.metadata (4.6 kB)
Collecting comm>=0.1.3 (from ipywidgets>=8.0.4->open3d->-r C:\Users\Andy\Documents\GitHub\UCI-iGravi\laplacian-processing\requirements.txt (line 26))
  Using cached comm-0.2.3-py3-none-any.whl.metadata (3.7 kB)
Collecting ipython>=6.1.0 (from ipywidgets>=8.0.4->open3d->-r C:\Users\Andy\Documents\GitHub\UCI-iGravi\laplacian-processing\requirements.txt (line 26))
  Using cached ipython-9.12.0-py3-none-any.whl.metadata (4.5 kB)
Collecting traitlets>=4.3.1 (from ipywidgets>=8.0.4->open3d->-r C:\Users\Andy\Documents\GitHub\UCI-iGravi\laplacian-processing\requirements.txt (line 26))
  Using cached traitlets-5.14.3-py3-none-any.whl.metadata (10 kB)
Collecting widgetsnbextension~=4.0.14 (from ipywidgets>=8.0.4->open3d->-r C:\Users\Andy\Documents\GitHub\UCI-iGravi\laplacian-processing\requirements.txt (line 26))
  Using cached widgetsnbextension-4.0.15-py3-none-any.whl.metadata (1.6 kB)
Collecting jupyterlab_widgets~=3.0.15 (from ipywidgets>=8.0.4->open3d->-r C:\Users\Andy\Documents\GitHub\UCI-iGravi\laplacian-processing\requirements.txt (line 26))
  Using cached jupyterlab_widgets-3.0.16-py3-none-any.whl.metadata (20 kB)
Collecting decorator>=5.1.0 (from ipython>=6.1.0->ipywidgets>=8.0.4->open3d->-r C:\Users\Andy\Documents\GitHub\UCI-iGravi\laplacian-processing\requirements.txt (line 26))
  Using cached decorator-5.2.1-py3-none-any.whl.metadata (3.9 kB)
Collecting ipython-pygments-lexers>=1.0.0 (from ipython>=6.1.0->ipywidgets>=8.0.4->open3d->-r C:\Users\Andy\Documents\GitHub\UCI-iGravi\laplacian-processing\requirements.txt (line 26))
  Using cached ipython_pygments_lexers-1.1.1-py3-none-any.whl.metadata (1.1 kB)
Collecting jedi>=0.18.2 (from ipython>=6.1.0->ipywidgets>=8.0.4->open3d->-r C:\Users\Andy\Documents\GitHub\UCI-iGravi\laplacian-processing\requirements.txt (line 26))
  Using cached jedi-0.19.2-py2.py3-none-any.whl.metadata (22 kB)
Collecting matplotlib-inline>=0.1.6 (from ipython>=6.1.0->ipywidgets>=8.0.4->open3d->-r C:\Users\Andy\Documents\GitHub\UCI-iGravi\laplacian-processing\requirements.txt (line 26))
  Using cached matplotlib_inline-0.2.1-py3-none-any.whl.metadata (2.3 kB)
Collecting prompt_toolkit<3.1.0,>=3.0.41 (from ipython>=6.1.0->ipywidgets>=8.0.4->open3d->-r C:\Users\Andy\Documents\GitHub\UCI-iGravi\laplacian-processing\requirements.txt (line 26))
  Using cached prompt_toolkit-3.0.52-py3-none-any.whl.metadata (6.4 kB)
Collecting stack_data>=0.6.0 (from ipython>=6.1.0->ipywidgets>=8.0.4->open3d->-r C:\Users\Andy\Documents\GitHub\UCI-iGravi\laplacian-processing\requirements.txt (line 26))
  Using cached stack_data-0.6.3-py3-none-any.whl.metadata (18 kB)
Collecting wcwidth (from prompt_toolkit<3.1.0,>=3.0.41->ipython>=6.1.0->ipywidgets>=8.0.4->open3d->-r C:\Users\Andy\Documents\GitHub\UCI-iGravi\laplacian-processing\requirements.txt (line 26))
  Using cached wcwidth-0.6.0-py3-none-any.whl.metadata (30 kB)
Collecting parso<0.9.0,>=0.8.4 (from jedi>=0.18.2->ipython>=6.1.0->ipywidgets>=8.0.4->open3d->-r C:\Users\Andy\Documents\GitHub\UCI-iGravi\laplacian-processing\requirements.txt (line 26))
  Using cached parso-0.8.6-py2.py3-none-any.whl.metadata (8.4 kB)
Collecting attrs>=22.2.0 (from jsonschema>=3.2.0->napari->-r C:\Users\Andy\Documents\GitHub\UCI-iGravi\laplacian-processing\requirements.txt (line 25))
  Using cached attrs-26.1.0-py3-none-any.whl.metadata (8.8 kB)
Collecting jsonschema-specifications>=2023.03.6 (from jsonschema>=3.2.0->napari->-r C:\Users\Andy\Documents\GitHub\UCI-iGravi\laplacian-processing\requirements.txt (line 25))
  Using cached jsonschema_specifications-2025.9.1-py3-none-any.whl.metadata (2.9 kB)
Collecting referencing>=0.28.4 (from jsonschema>=3.2.0->napari->-r C:\Users\Andy\Documents\GitHub\UCI-iGravi\laplacian-processing\requirements.txt (line 25))
  Using cached referencing-0.37.0-py3-none-any.whl.metadata (2.8 kB)
Collecting rpds-py>=0.25.0 (from jsonschema>=3.2.0->napari->-r C:\Users\Andy\Documents\GitHub\UCI-iGravi\laplacian-processing\requirements.txt (line 25))
  Using cached rpds_py-0.30.0-cp312-cp312-win_amd64.whl.metadata (4.2 kB)
Collecting docstring-parser>=0.7 (from magicgui>=0.7.0->napari->-r C:\Users\Andy\Documents\GitHub\UCI-iGravi\laplacian-processing\requirements.txt (line 25))
  Downloading docstring_parser-0.18.0-py3-none-any.whl.metadata (3.5 kB)
Collecting ipykernel<7,>=5.2.0 (from napari-console>=0.1.4->napari->-r C:\Users\Andy\Documents\GitHub\UCI-iGravi\laplacian-processing\requirements.txt (line 25))
  Using cached ipykernel-6.31.0-py3-none-any.whl.metadata (4.5 kB)
Collecting qtconsole!=4.7.6,!=5.4.2,>=4.5.1 (from napari-console>=0.1.4->napari->-r C:\Users\Andy\Documents\GitHub\UCI-iGravi\laplacian-processing\requirements.txt (line 25))
  Using cached qtconsole-5.7.2-py3-none-any.whl.metadata (4.4 kB)
Collecting debugpy>=1.6.5 (from ipykernel<7,>=5.2.0->napari-console>=0.1.4->napari->-r C:\Users\Andy\Documents\GitHub\UCI-iGravi\laplacian-processing\requirements.txt (line 25))
  Using cached debugpy-1.8.20-cp312-cp312-win_amd64.whl.metadata (1.5 kB)
Collecting jupyter-client>=8.0.0 (from ipykernel<7,>=5.2.0->napari-console>=0.1.4->napari->-r C:\Users\Andy\Documents\GitHub\UCI-iGravi\laplacian-processing\requirements.txt (line 25))
  Using cached jupyter_client-8.8.0-py3-none-any.whl.metadata (8.4 kB)
Collecting jupyter-core!=5.0.*,>=4.12 (from ipykernel<7,>=5.2.0->napari-console>=0.1.4->napari->-r C:\Users\Andy\Documents\GitHub\UCI-iGravi\laplacian-processing\requirements.txt (line 25))
  Using cached jupyter_core-5.9.1-py3-none-any.whl.metadata (1.5 kB)
Collecting pyzmq>=25 (from ipykernel<7,>=5.2.0->napari-console>=0.1.4->napari->-r C:\Users\Andy\Documents\GitHub\UCI-iGravi\laplacian-processing\requirements.txt (line 25))
  Using cached pyzmq-27.1.0-cp312-abi3-win_amd64.whl.metadata (6.0 kB)
Collecting tornado>=6.2 (from ipykernel<7,>=5.2.0->napari-console>=0.1.4->napari->-r C:\Users\Andy\Documents\GitHub\UCI-iGravi\laplacian-processing\requirements.txt (line 25))
  Using cached tornado-6.5.5-cp39-abi3-win_amd64.whl.metadata (2.9 kB)
Collecting platformdirs>=2.5 (from jupyter-core!=5.0.*,>=4.12->ipykernel<7,>=5.2.0->napari-console>=0.1.4->napari->-r C:\Users\Andy\Documents\GitHub\UCI-iGravi\laplacian-processing\requirements.txt (line 25))
  Downloading platformdirs-4.9.6-py3-none-any.whl.metadata (4.7 kB)
Collecting fastjsonschema>=2.15 (from nbformat>=5.7.0->open3d->-r C:\Users\Andy\Documents\GitHub\UCI-iGravi\laplacian-processing\requirements.txt (line 26))
  Using cached fastjsonschema-2.21.2-py3-none-any.whl.metadata (2.3 kB)
Collecting build>=1 (from npe2>=0.8.1->napari->-r C:\Users\Andy\Documents\GitHub\UCI-iGravi\laplacian-processing\requirements.txt (line 25))
  Downloading build-1.4.3-py3-none-any.whl.metadata (5.8 kB)
Collecting rich>=14.0.0 (from npe2>=0.8.1->napari->-r C:\Users\Andy\Documents\GitHub\UCI-iGravi\laplacian-processing\requirements.txt (line 25))
  Downloading rich-15.0.0-py3-none-any.whl.metadata (18 kB)
Collecting tomli-w>=1.0.0 (from npe2>=0.8.1->napari->-r C:\Users\Andy\Documents\GitHub\UCI-iGravi\laplacian-processing\requirements.txt (line 25))
  Using cached tomli_w-1.2.0-py3-none-any.whl.metadata (5.7 kB)
Collecting typer>=0.15.4 (from npe2>=0.8.1->napari->-r C:\Users\Andy\Documents\GitHub\UCI-iGravi\laplacian-processing\requirements.txt (line 25))
  Using cached typer-0.24.1-py3-none-any.whl.metadata (16 kB)
Collecting pyproject_hooks (from build>=1->npe2>=0.8.1->napari->-r C:\Users\Andy\Documents\GitHub\UCI-iGravi\laplacian-processing\requirements.txt (line 25))
  Using cached pyproject_hooks-1.2.0-py3-none-any.whl.metadata (1.3 kB)
Collecting locket (from partd>=1.4.0->dask>=2021.10.0->dask[array]>=2021.10.0->napari->-r C:\Users\Andy\Documents\GitHub\UCI-iGravi\laplacian-processing\requirements.txt (line 25))
  Using cached locket-1.0.0-py2.py3-none-any.whl.metadata (2.8 kB)
Collecting flexcache>=0.3 (from pint>=0.17->napari->-r C:\Users\Andy\Documents\GitHub\UCI-iGravi\laplacian-processing\requirements.txt (line 25))
  Using cached flexcache-0.3-py3-none-any.whl.metadata (7.0 kB)
Collecting flexparser>=0.4 (from pint>=0.17->napari->-r C:\Users\Andy\Documents\GitHub\UCI-iGravi\laplacian-processing\requirements.txt (line 25))
  Using cached flexparser-0.4-py3-none-any.whl.metadata (18 kB)
Collecting annotated-types>=0.6.0 (from pydantic>=2.8.0->napari->-r C:\Users\Andy\Documents\GitHub\UCI-iGravi\laplacian-processing\requirements.txt (line 25))
  Using cached annotated_types-0.7.0-py3-none-any.whl.metadata (15 kB)
Collecting pydantic-core==2.46.1 (from pydantic>=2.8.0->napari->-r C:\Users\Andy\Documents\GitHub\UCI-iGravi\laplacian-processing\requirements.txt (line 25))
  Downloading pydantic_core-2.46.1-cp312-cp312-win_amd64.whl.metadata (6.7 kB)
Collecting typing-inspection>=0.4.2 (from pydantic>=2.8.0->napari->-r C:\Users\Andy\Documents\GitHub\UCI-iGravi\laplacian-processing\requirements.txt (line 25))
  Using cached typing_inspection-0.4.2-py3-none-any.whl.metadata (2.6 kB)
Collecting six>=1.5 (from python-dateutil>=2.8.2->pandas->-r C:\Users\Andy\Documents\GitHub\UCI-iGravi\laplacian-processing\requirements.txt (line 8))
  Using cached six-1.17.0-py2.py3-none-any.whl.metadata (1.7 kB)
Collecting markdown-it-py>=2.2.0 (from rich>=14.0.0->npe2>=0.8.1->napari->-r C:\Users\Andy\Documents\GitHub\UCI-iGravi\laplacian-processing\requirements.txt (line 25))
  Using cached markdown_it_py-4.0.0-py3-none-any.whl.metadata (7.3 kB)
Collecting mdurl~=0.1 (from markdown-it-py>=2.2.0->rich>=14.0.0->npe2>=0.8.1->napari->-r C:\Users\Andy\Documents\GitHub\UCI-iGravi\laplacian-processing\requirements.txt (line 25))
  Using cached mdurl-0.1.2-py3-none-any.whl.metadata (1.6 kB)
Collecting pooch>=1.6.0 (from scikit-image[data]>=0.19.1->napari->-r C:\Users\Andy\Documents\GitHub\UCI-iGravi\laplacian-processing\requirements.txt (line 25))
  Using cached pooch-1.9.0-py3-none-any.whl.metadata (10 kB)
Collecting charset_normalizer<4,>=2 (from requests->antspyx->-r C:\Users\Andy\Documents\GitHub\UCI-iGravi\laplacian-processing\requirements.txt (line 16))
  Using cached charset_normalizer-3.4.7-cp312-cp312-win_amd64.whl.metadata (41 kB)
Collecting idna<4,>=2.5 (from requests->antspyx->-r C:\Users\Andy\Documents\GitHub\UCI-iGravi\laplacian-processing\requirements.txt (line 16))
  Using cached idna-3.11-py3-none-any.whl.metadata (8.4 kB)
Collecting urllib3<3,>=1.26 (from requests->antspyx->-r C:\Users\Andy\Documents\GitHub\UCI-iGravi\laplacian-processing\requirements.txt (line 16))
  Using cached urllib3-2.6.3-py3-none-any.whl.metadata (6.9 kB)
Collecting executing>=1.2.0 (from stack_data>=0.6.0->ipython>=6.1.0->ipywidgets>=8.0.4->open3d->-r C:\Users\Andy\Documents\GitHub\UCI-iGravi\laplacian-processing\requirements.txt (line 26))
  Using cached executing-2.2.1-py2.py3-none-any.whl.metadata (8.9 kB)
Collecting asttokens>=2.1.0 (from stack_data>=0.6.0->ipython>=6.1.0->ipywidgets>=8.0.4->open3d->-r C:\Users\Andy\Documents\GitHub\UCI-iGravi\laplacian-processing\requirements.txt (line 26))
  Using cached asttokens-3.0.1-py3-none-any.whl.metadata (4.9 kB)
Collecting pure-eval (from stack_data>=0.6.0->ipython>=6.1.0->ipywidgets>=8.0.4->open3d->-r C:\Users\Andy\Documents\GitHub\UCI-iGravi\laplacian-processing\requirements.txt (line 26))
  Using cached pure_eval-0.2.3-py3-none-any.whl.metadata (6.3 kB)
Collecting pyconify>=0.1.4 (from superqt[iconify]>=0.7.2->magicgui>=0.7.0->napari->-r C:\Users\Andy\Documents\GitHub\UCI-iGravi\laplacian-processing\requirements.txt (line 25))
  Using cached pyconify-0.2.1-py3-none-any.whl.metadata (5.5 kB)
Collecting shellingham>=1.3.0 (from typer>=0.15.4->npe2>=0.8.1->napari->-r C:\Users\Andy\Documents\GitHub\UCI-iGravi\laplacian-processing\requirements.txt (line 25))
  Using cached shellingham-1.5.4-py2.py3-none-any.whl.metadata (3.5 kB)
Collecting annotated-doc>=0.0.2 (from typer>=0.15.4->npe2>=0.8.1->napari->-r C:\Users\Andy\Documents\GitHub\UCI-iGravi\laplacian-processing\requirements.txt (line 25))
  Using cached annotated_doc-0.0.4-py3-none-any.whl.metadata (6.6 kB)
Collecting zipp>=3.20 (from importlib-metadata->dash>=2.6.0->open3d->-r C:\Users\Andy\Documents\GitHub\UCI-iGravi\laplacian-processing\requirements.txt (line 26))
  Downloading zipp-3.23.1-py3-none-any.whl.metadata (3.6 kB)
Collecting python-dotenv>=0.21.0 (from pydantic-settings->napari->-r C:\Users\Andy\Documents\GitHub\UCI-iGravi\laplacian-processing\requirements.txt (line 25))
  Using cached python_dotenv-1.2.2-py3-none-any.whl.metadata (27 kB)
Collecting joblib>=1.3.0 (from scikit-learn->antspyx->-r C:\Users\Andy\Documents\GitHub\UCI-iGravi\laplacian-processing\requirements.txt (line 16))
  Using cached joblib-1.5.3-py3-none-any.whl.metadata (5.5 kB)
Collecting threadpoolctl>=3.2.0 (from scikit-learn->antspyx->-r C:\Users\Andy\Documents\GitHub\UCI-iGravi\laplacian-processing\requirements.txt (line 16))
  Using cached threadpoolctl-3.6.0-py3-none-any.whl.metadata (13 kB)
Collecting patsy>=0.5.6 (from statsmodels->antspyx->-r C:\Users\Andy\Documents\GitHub\UCI-iGravi\laplacian-processing\requirements.txt (line 16))
  Using cached patsy-1.0.2-py2.py3-none-any.whl.metadata (3.6 kB)
Using cached pandas-3.0.2-cp312-cp312-win_amd64.whl (9.7 MB)
Using cached simpleitk-2.5.3-cp311-abi3-win_amd64.whl (18.8 MB)
Using cached scikit_image-0.26.0-cp312-cp312-win_amd64.whl (11.9 MB)
Using cached opencv_python-4.13.0.92-cp37-abi3-win_amd64.whl (40.2 MB)
Using cached imageio-2.37.3-py3-none-any.whl (317 kB)
Using cached nibabel-5.4.2-py3-none-any.whl (3.3 MB)
Using cached antspyx-0.6.3-cp312-cp312-win_amd64.whl (8.8 MB)
Using cached numpy-2.3.5-cp312-cp312-win_amd64.whl (12.8 MB)
Using cached scipy-1.15.3-cp312-cp312-win_amd64.whl (41.0 MB)
Using cached pyamg-5.3.0-cp312-cp312-win_amd64.whl (1.7 MB)
Using cached networkx-3.6.1-py3-none-any.whl (2.1 MB)
Using cached matplotlib-3.10.8-cp312-cp312-win_amd64.whl (8.1 MB)
Downloading plotly-6.7.0-py3-none-any.whl (9.9 MB)
   ---------------------------------------- 9.9/9.9 MB 44.0 MB/s  0:00:00
Using cached napari-0.7.0-py3-none-any.whl (3.5 MB)
Using cached app_model-0.5.1-py3-none-any.whl (65 kB)
Using cached vispy-0.16.1-cp312-cp312-win_amd64.whl (1.5 MB)
Using cached open3d-0.19.0-cp312-cp312-win_amd64.whl (69.2 MB)
Using cached tqdm-4.67.3-py3-none-any.whl (78 kB)
Downloading pytest-9.0.3-py3-none-any.whl (375 kB)
Using cached pluggy-1.6.0-py3-none-any.whl (20 kB)
Using cached appdirs-1.4.4-py2.py3-none-any.whl (9.6 kB)
Using cached cachey-0.2.1-py3-none-any.whl (6.4 kB)
Using cached certifi-2026.2.25-py3-none-any.whl (153 kB)
Using cached colorama-0.4.6-py2.py3-none-any.whl (25 kB)
Using cached contourpy-1.3.3-cp312-cp312-win_amd64.whl (226 kB)
Using cached cycler-0.12.1-py3-none-any.whl (8.3 kB)
Using cached dash-4.1.0-py3-none-any.whl (7.2 MB)
Using cached flask-3.1.3-py3-none-any.whl (103 kB)
Using cached werkzeug-3.1.8-py3-none-any.whl (226 kB)
Using cached blinker-1.9.0-py3-none-any.whl (8.5 kB)
Using cached click-8.3.2-py3-none-any.whl (108 kB)
Downloading dask-2026.3.0-py3-none-any.whl (1.5 MB)
   ---------------------------------------- 1.5/1.5 MB 38.2 MB/s  0:00:00
Using cached cloudpickle-3.1.2-py3-none-any.whl (22 kB)
Using cached fonttools-4.62.1-cp312-cp312-win_amd64.whl (2.3 MB)
Using cached fsspec-2026.3.0-py3-none-any.whl (202 kB)
Using cached in_n_out-0.2.1-py3-none-any.whl (19 kB)
Using cached iniconfig-2.3.0-py3-none-any.whl (7.5 kB)
Using cached ipywidgets-8.1.8-py3-none-any.whl (139 kB)
Using cached jupyterlab_widgets-3.0.16-py3-none-any.whl (914 kB)
Using cached widgetsnbextension-4.0.15-py3-none-any.whl (2.2 MB)
Using cached comm-0.2.3-py3-none-any.whl (7.3 kB)
Using cached ipython-9.12.0-py3-none-any.whl (625 kB)
Using cached prompt_toolkit-3.0.52-py3-none-any.whl (391 kB)
Using cached decorator-5.2.1-py3-none-any.whl (9.2 kB)
Using cached ipython_pygments_lexers-1.1.1-py3-none-any.whl (8.1 kB)
Using cached itsdangerous-2.2.0-py3-none-any.whl (16 kB)
Using cached jedi-0.19.2-py2.py3-none-any.whl (1.6 MB)
Using cached parso-0.8.6-py2.py3-none-any.whl (106 kB)
Using cached jinja2-3.1.6-py3-none-any.whl (134 kB)
Using cached jsonschema-4.26.0-py3-none-any.whl (90 kB)
Using cached attrs-26.1.0-py3-none-any.whl (67 kB)
Using cached jsonschema_specifications-2025.9.1-py3-none-any.whl (18 kB)
Using cached kiwisolver-1.5.0-cp312-cp312-win_amd64.whl (73 kB)
Using cached lazy_loader-0.5-py3-none-any.whl (8.0 kB)
Downloading magicgui-0.10.2-py3-none-any.whl (128 kB)
Downloading docstring_parser-0.18.0-py3-none-any.whl (22 kB)
Using cached markupsafe-3.0.3-cp312-cp312-win_amd64.whl (15 kB)
Using cached matplotlib_inline-0.2.1-py3-none-any.whl (9.5 kB)
Using cached napari_console-0.1.4-py3-none-any.whl (9.8 kB)
Using cached ipykernel-6.31.0-py3-none-any.whl (117 kB)
Using cached debugpy-1.8.20-cp312-cp312-win_amd64.whl (5.4 MB)
Using cached jupyter_client-8.8.0-py3-none-any.whl (107 kB)
Using cached jupyter_core-5.9.1-py3-none-any.whl (29 kB)
Using cached napari_plugin_engine-0.2.1-py3-none-any.whl (33 kB)
Using cached napari_svg-0.2.1-py3-none-any.whl (16 kB)
Downloading narwhals-2.19.0-py3-none-any.whl (446 kB)
Using cached nbformat-5.10.4-py3-none-any.whl (78 kB)
Using cached fastjsonschema-2.21.2-py3-none-any.whl (24 kB)
Using cached nest_asyncio-1.6.0-py3-none-any.whl (5.2 kB)
Using cached npe2-0.8.2-py3-none-any.whl (93 kB)
Downloading build-1.4.3-py3-none-any.whl (26 kB)
Using cached packaging-26.1-py3-none-any.whl (95 kB)
Using cached partd-1.4.2-py3-none-any.whl (18 kB)
Downloading pillow-12.2.0-cp312-cp312-win_amd64.whl (7.1 MB)
   ---------------------------------------- 7.1/7.1 MB 54.6 MB/s  0:00:00
Using cached pint-0.25.3-py3-none-any.whl (307 kB)
Using cached flexcache-0.3-py3-none-any.whl (13 kB)
Using cached flexparser-0.4-py3-none-any.whl (27 kB)
Downloading platformdirs-4.9.6-py3-none-any.whl (21 kB)
Using cached psutil-7.2.2-cp37-abi3-win_amd64.whl (137 kB)
Using cached psygnal-0.15.1-cp312-cp312-win_amd64.whl (418 kB)
Downloading pydantic-2.13.1-py3-none-any.whl (471 kB)
Downloading pydantic_core-2.46.1-cp312-cp312-win_amd64.whl (2.1 MB)
   ---------------------------------------- 2.1/2.1 MB 38.5 MB/s  0:00:00
Using cached annotated_types-0.7.0-py3-none-any.whl (13 kB)
Using cached pydantic_extra_types-2.11.1-py3-none-any.whl (79 kB)
Using cached pygments-2.20.0-py3-none-any.whl (1.2 MB)
Using cached pyopengl-3.1.10-py3-none-any.whl (3.2 MB)
Using cached pyparsing-3.3.2-py3-none-any.whl (122 kB)
Using cached python_dateutil-2.9.0.post0-py2.py3-none-any.whl (229 kB)
Using cached pyyaml-6.0.3-cp312-cp312-win_amd64.whl (154 kB)
Using cached pyzmq-27.1.0-cp312-abi3-win_amd64.whl (619 kB)
Using cached qtconsole-5.7.2-py3-none-any.whl (125 kB)
Using cached QtPy-2.4.3-py3-none-any.whl (95 kB)
Using cached referencing-0.37.0-py3-none-any.whl (26 kB)
Downloading rich-15.0.0-py3-none-any.whl (310 kB)
Using cached markdown_it_py-4.0.0-py3-none-any.whl (87 kB)
Using cached mdurl-0.1.2-py3-none-any.whl (10.0 kB)
Using cached rpds_py-0.30.0-cp312-cp312-win_amd64.whl (240 kB)
Using cached pooch-1.9.0-py3-none-any.whl (67 kB)
Using cached requests-2.33.1-py3-none-any.whl (64 kB)
Using cached charset_normalizer-3.4.7-cp312-cp312-win_amd64.whl (159 kB)
Using cached idna-3.11-py3-none-any.whl (71 kB)
Using cached urllib3-2.6.3-py3-none-any.whl (131 kB)
Using cached six-1.17.0-py2.py3-none-any.whl (11 kB)
Using cached stack_data-0.6.3-py3-none-any.whl (24 kB)
Using cached asttokens-3.0.1-py3-none-any.whl (27 kB)
Using cached executing-2.2.1-py2.py3-none-any.whl (28 kB)
Using cached superqt-0.8.1-py3-none-any.whl (101 kB)
Using cached pyconify-0.2.1-py3-none-any.whl (19 kB)
Downloading tifffile-2026.4.11-py3-none-any.whl (248 kB)
Using cached tomli_w-1.2.0-py3-none-any.whl (6.7 kB)
Using cached toolz-1.1.0-py3-none-any.whl (58 kB)
Using cached tornado-6.5.5-cp39-abi3-win_amd64.whl (448 kB)
Using cached traitlets-5.14.3-py3-none-any.whl (85 kB)
Using cached typer-0.24.1-py3-none-any.whl (56 kB)
Using cached annotated_doc-0.0.4-py3-none-any.whl (5.3 kB)
Using cached shellingham-1.5.4-py2.py3-none-any.whl (9.8 kB)
Using cached typing_extensions-4.15.0-py3-none-any.whl (44 kB)
Using cached typing_inspection-0.4.2-py3-none-any.whl (14 kB)
Using cached wrapt-2.1.2-cp312-cp312-win_amd64.whl (60 kB)
Using cached configargparse-1.7.5-py3-none-any.whl (27 kB)
Using cached freetype_py-2.5.1-py3-none-win_amd64.whl (814 kB)
Using cached HeapDict-1.0.1-py3-none-any.whl (3.9 kB)
Using cached hsluv-5.0.4-py2.py3-none-any.whl (5.3 kB)
Using cached importlib_metadata-9.0.0-py3-none-any.whl (27 kB)
Downloading zipp-3.23.1-py3-none-any.whl (10 kB)
Using cached locket-1.0.0-py2.py3-none-any.whl (4.4 kB)
Using cached pure_eval-0.2.3-py3-none-any.whl (11 kB)
Using cached pydantic_settings-2.13.1-py3-none-any.whl (58 kB)
Using cached python_dotenv-1.2.2-py3-none-any.whl (22 kB)
Using cached pyproject_hooks-1.2.0-py3-none-any.whl (10 kB)
Using cached pywin32-311-cp312-cp312-win_amd64.whl (9.5 MB)
Using cached retrying-1.4.2-py3-none-any.whl (10 kB)
Using cached scikit_learn-1.8.0-cp312-cp312-win_amd64.whl (8.0 MB)
Using cached joblib-1.5.3-py3-none-any.whl (309 kB)
Using cached threadpoolctl-3.6.0-py3-none-any.whl (18 kB)
Using cached setuptools-82.0.1-py3-none-any.whl (1.0 MB)
Using cached statsmodels-0.14.6-cp312-cp312-win_amd64.whl (9.5 MB)
Using cached patsy-1.0.2-py2.py3-none-any.whl (233 kB)
Using cached tzdata-2026.1-py2.py3-none-any.whl (348 kB)
Using cached wcwidth-0.6.0-py3-none-any.whl (94 kB)
Using cached webcolors-25.10.0-py3-none-any.whl (14 kB)
Installing collected packages: SimpleITK, pywin32, PyOpenGL, pure-eval, heapdict, fastjsonschema, appdirs, zipp, wrapt, widgetsnbextension, webcolors, wcwidth, urllib3, tzdata, typing-extensions, traitlets, tornado, toolz, tomli-w, threadpoolctl, six, shellingham, setuptools, rpds-py, retrying, pyzmq, pyyaml, python-dotenv, pyproject_hooks, pyparsing, pygments, psygnal, psutil, pluggy, platformdirs, pillow, parso, packaging, numpy, networkx, nest-asyncio, narwhals, napari-plugin-engine, mdurl, markupsafe, locket, kiwisolver, jupyterlab_widgets, joblib, itsdangerous, iniconfig, in-n-out, idna, hsluv, fsspec, freetype-py, fonttools, executing, docstring-parser, decorator, debugpy, cycler, configargparse, comm, colorama, cloudpickle, charset_normalizer, certifi, cachey, blinker, attrs, asttokens, annotated-types, annotated-doc, werkzeug, vispy, typing-inspection, tqdm, tifffile, stack_data, scipy, requests, referencing, qtpy, python-dateutil, pytest, pydantic-core, prompt_toolkit, plotly, patsy, partd, opencv-python, nibabel, matplotlib-inline, markdown-it-py, lazy-loader, jupyter-core, jinja2, jedi, ipython-pygments-lexers, importlib-metadata, imageio, flexparser, flexcache, contourpy, click, build, superqt, scikit-learn, scikit-image, rich, pydantic, pyconify, pyamg, pooch, pint, pandas, napari-svg, matplotlib, jupyter-client, jsonschema-specifications, ipython, flask, dask, typer, statsmodels, pydantic-settings, pydantic-extra-types, jsonschema, ipywidgets, ipykernel, dash, app-model, qtconsole, npe2, nbformat, magicgui, antspyx, open3d, napari-console, napari

Successfully installed PyOpenGL-3.1.10 SimpleITK-2.5.3 annotated-doc-0.0.4 annotated-types-0.7.0 antspyx-0.6.3 app-model-0.5.1 appdirs-1.4.4 asttokens-3.0.1 attrs-26.1.0 blinker-1.9.0 build-1.4.3 cachey-0.2.1 certifi-2026.2.25 charset_normalizer-3.4.7 click-8.3.2 cloudpickle-3.1.2 colorama-0.4.6 comm-0.2.3 configargparse-1.7.5 contourpy-1.3.3 cycler-0.12.1 dash-4.1.0 dask-2026.3.0 debugpy-1.8.20 decorator-5.2.1 docstring-parser-0.18.0 executing-2.2.1 fastjsonschema-2.21.2 flask-3.1.3 flexcache-0.3 flexparser-0.4 fonttools-4.62.1 freetype-py-2.5.1 fsspec-2026.3.0 heapdict-1.0.1 hsluv-5.0.4 idna-3.11 imageio-2.37.3 importlib-metadata-9.0.0 in-n-out-0.2.1 iniconfig-2.3.0 ipykernel-6.31.0 ipython-9.12.0 ipython-pygments-lexers-1.1.1 ipywidgets-8.1.8 itsdangerous-2.2.0 jedi-0.19.2 jinja2-3.1.6 joblib-1.5.3 jsonschema-4.26.0 jsonschema-specifications-2025.9.1 jupyter-client-8.8.0 jupyter-core-5.9.1 jupyterlab_widgets-3.0.16 kiwisolver-1.5.0 lazy-loader-0.5 locket-1.0.0 magicgui-0.10.2 markdown-it-py-4.0.0 markupsafe-3.0.3 matplotlib-3.10.8 matplotlib-inline-0.2.1 mdurl-0.1.2 napari-0.7.0 napari-console-0.1.4 napari-plugin-engine-0.2.1 napari-svg-0.2.1 narwhals-2.19.0 nbformat-5.10.4 nest-asyncio-1.6.0 networkx-3.6.1 nibabel-5.4.2 npe2-0.8.2 numpy-2.3.5 open3d-0.19.0 opencv-python-4.13.0.92 packaging-26.1 pandas-3.0.2 parso-0.8.6 partd-1.4.2 patsy-1.0.2 pillow-12.2.0 pint-0.25.3 platformdirs-4.9.6 plotly-6.7.0 pluggy-1.6.0 pooch-1.9.0 prompt_toolkit-3.0.52 psutil-7.2.2 psygnal-0.15.1 pure-eval-0.2.3 pyamg-5.3.0 pyconify-0.2.1 pydantic-2.13.1 pydantic-core-2.46.1 pydantic-extra-types-2.11.1 pydantic-settings-2.13.1 pygments-2.20.0 pyparsing-3.3.2 pyproject_hooks-1.2.0 pytest-9.0.3 python-dateutil-2.9.0.post0 python-dotenv-1.2.2 pywin32-311 pyyaml-6.0.3 pyzmq-27.1.0 qtconsole-5.7.2 qtpy-2.4.3 referencing-0.37.0 requests-2.33.1 retrying-1.4.2 rich-15.0.0 rpds-py-0.30.0 scikit-image-0.26.0 scikit-learn-1.8.0 scipy-1.15.3 setuptools-82.0.1 shellingham-1.5.4 six-1.17.0 stack_data-0.6.3 statsmodels-0.14.6 superqt-0.8.1 threadpoolctl-3.6.0 tifffile-2026.4.11 tomli-w-1.2.0 toolz-1.1.0 tornado-6.5.5 tqdm-4.67.3 traitlets-5.14.3 typer-0.24.1 typing-extensions-4.15.0 typing-inspection-0.4.2 tzdata-2026.1 urllib3-2.6.3 vispy-0.16.1 wcwidth-0.6.0 webcolors-25.10.0 werkzeug-3.1.8 widgetsnbextension-4.0.15 wrapt-2.1.2 zipp-3.23.1
